manifest should match snapshot:
  1: |
    apiVersion: monitoring.coreos.com/v1
    kind: ServiceMonitor
    metadata:
      labels:
        app.kubernetes.io/component: puppetserver
        app.kubernetes.io/instance: puppetserver
        app.kubernetes.io/managed-by: Helm
        app.kubernetes.io/name: puppetserver
        app.kubernetes.io/version: 7.17.0
        helm.sh/chart: puppetserver-9.4.0
        release: kube-prometheus-stack
      name: puppetserver-jmx
      namespace: puppet
    spec:
      endpoints:
        - honorLabels: true
          interval: 30s
          path: /metrics
          port: metrics
      jobLabel: jmx
      namespaceSelector:
        matchNames:
          - puppet
      selector:
        matchLabels:
          app.kubernetes.io/component: puppetserver
          app.kubernetes.io/name: puppetserver
