manifest should match snapshot:
  1: |
    apiVersion: apps/v1
    kind: StatefulSet
    metadata:
      labels:
        app.kubernetes.io/component: puppetserver-compilers
        app.kubernetes.io/instance: puppetserver
        app.kubernetes.io/managed-by: Helm
        app.kubernetes.io/name: puppetserver
        app.kubernetes.io/version: 7.17.0
        helm.sh/chart: puppetserver-9.4.0
      name: puppetserver-puppetserver-compiler
    spec:
      podManagementPolicy: OrderedReady
      replicas: 1
      selector:
        matchLabels:
          app.kubernetes.io/component: puppetserver-compilers
          app.kubernetes.io/name: puppetserver
      serviceName: puppetserver-puppet-compilers-headless
      template:
        metadata:
          annotations:
            checksum/crl-config: 01ba4719c80b6fe911b091a7c05124b64eeece964e09c058ef8f9805daca546b
            checksum/hiera-configmap: 01ba4719c80b6fe911b091a7c05124b64eeece964e09c058ef8f9805daca546b
            checksum/r10k-code.configmap: 01ba4719c80b6fe911b091a7c05124b64eeece964e09c058ef8f9805daca546b
            checksum/r10k-hiera.configmap: 01ba4719c80b6fe911b091a7c05124b64eeece964e09c058ef8f9805daca546b
          labels:
            app.kubernetes.io/component: puppetserver-compilers
            app.kubernetes.io/instance: puppetserver
            app.kubernetes.io/managed-by: Helm
            app.kubernetes.io/name: puppetserver
            app.kubernetes.io/version: 7.17.0
            helm.sh/chart: puppetserver-9.4.0
        spec:
          containers:
            - env:
                - name: PUPPETSERVER_HOSTNAME
                  valueFrom:
                    fieldRef:
                      fieldPath: metadata.name
                - name: PUPPET_MASTERPORT
                  value: "8140"
                - name: DNS_ALT_NAMES
                  value: puppetserver-puppetserver-compiler-0,puppetserver-puppet-compilers,
                - name: PUPPETDB_SERVER_URLS
                  value: https://puppetserver-puppetdb:8081
                - name: CA_ENABLED
                  value: "false"
                - name: CA_HOSTNAME
                  value: puppetserver-puppet
                - name: CA_MASTERPORT
                  value: "8140"
              envFrom: null
              image: ghcr.io/voxpupuli/container-puppetserver:7.17.0-v1.5.0
              imagePullPolicy: IfNotPresent
              livenessProbe:
                failureThreshold: 3
                periodSeconds: 30
                successThreshold: 1
                tcpSocket:
                  port: 8140
                timeoutSeconds: 10
              name: puppetserver
              ports:
                - containerPort: 8140
              readinessProbe:
                failureThreshold: 3
                httpGet:
                  path: /status/v1/simple
                  port: 8140
                  scheme: HTTPS
                periodSeconds: 60
                successThreshold: 1
                timeoutSeconds: 20
              resources: {}
              securityContext:
                allowPrivilegeEscalation: false
                capabilities:
                  add:
                    - CAP_CHOWN
                    - CAP_SETUID
                    - CAP_SETGID
                    - CAP_DAC_OVERRIDE
                    - CAP_AUDIT_WRITE
                    - CAP_FOWNER
                    - CHOWN
                    - SETUID
                    - SETGID
                    - DAC_OVERRIDE
                    - AUDIT_WRITE
                    - FOWNER
                  drop:
                    - all
              startupProbe:
                failureThreshold: 30
                periodSeconds: 15
                tcpSocket:
                  port: 8140
              volumeMounts:
                - mountPath: /etc/puppetlabs/code/
                  name: puppet-code-volume
                - mountPath: /etc/puppetlabs/puppet/
                  name: puppet-puppet-volume
          imagePullSecrets: null
          initContainers:
            - args:
                - mkdir -p /etc/puppetlabs/puppet/eyaml/keys; mkdir -p /etc/puppetlabs/code/environments; mkdir -p /etc/puppetlabs/puppet/manifests; mkdir -p /etc/puppetlabs/code/r10k_cache; chown -R puppet:puppet /etc/puppetlabs; cp /tmp/puppet/configmap/site.pp /etc/puppetlabs/puppet/manifests/site.pp; chown puppet:puppet /etc/puppetlabs/puppet/manifests/site.pp; mkdir -p /opt/puppetlabs/server/data/puppetserver/dropsonde/bin/; touch /opt/puppetlabs/server/data/puppetserver/dropsonde/bin/dropsonde; chown puppet:puppet -R /opt/puppetlabs/server/data/puppetserver/;
              command:
                - sh
                - -c
              env: null
              envFrom: null
              image: ghcr.io/voxpupuli/container-puppetserver:7.17.0-v1.5.0
              imagePullPolicy: IfNotPresent
              name: perms-and-dirs
              resources:
                limits:
                  cpu: 300m
                  memory: 256Mi
                requests:
                  cpu: 200m
                  memory: 128Mi
              securityContext:
                capabilities:
                  add:
                    - CAP_CHOWN
                    - CAP_SETUID
                    - CAP_SETGID
                    - CAP_DAC_OVERRIDE
                    - CAP_AUDIT_WRITE
                    - CAP_FOWNER
                    - CHOWN
                    - SETUID
                    - SETGID
                    - DAC_OVERRIDE
                    - AUDIT_WRITE
                    - FOWNER
                  drop:
                    - all
                runAsNonRoot: false
                runAsUser: 0
              volumeMounts:
                - mountPath: /etc/puppetlabs/code/
                  name: puppet-code-volume
                - mountPath: /etc/puppetlabs/puppet/
                  name: puppet-puppet-volume
                - mountPath: /tmp/puppet/configmap/site.pp
                  name: manifests-volume
                  subPath: site.pp
          securityContext:
            fsGroup: 999
          volumes:
            - configMap:
                name: puppetserver-manifests-config
              name: manifests-volume
      updateStrategy:
        type: RollingUpdate
      volumeClaimTemplates:
        - metadata:
            annotations: null
            name: puppet-code-volume
          spec:
            accessModes:
              - ReadWriteOnce
            resources:
              requests:
                storage: 400Mi
        - metadata:
            annotations: null
            name: puppet-puppet-volume
          spec:
            accessModes:
              - ReadWriteOnce
            resources:
              requests:
                storage: 400Mi
