manifest should match snapshot:
  1: |
    apiVersion: networking.k8s.io/v1
    kind: NetworkPolicy
    metadata:
      labels:
        app.kubernetes.io/component: puppetserver
        app.kubernetes.io/instance: puppetserver
        app.kubernetes.io/managed-by: Helm
        app.kubernetes.io/name: puppetserver
        app.kubernetes.io/version: 7.17.0
        helm.sh/chart: puppetserver-9.4.0
      name: puppetserver-puppetserver
    spec:
      egress:
        - ports:
            - port: 53
              protocol: TCP
            - port: 53
              protocol: UDP
          to:
            - namespaceSelector:
                matchLabels:
                  kubernetes.io/metadata.name: kube-system
              podSelector:
                matchLabels:
                  k8s-app: kube-dns
        - ports:
            - port: 53
          to:
            - ipBlock:
                cidr: 0.0.0.0/0
        - ports:
            - port: 8081
          to:
            - podSelector:
                matchLabels:
                  app.kubernetes.io/component: puppetdb
                  app.kubernetes.io/name: puppetserver
      ingress:
        - from:
            - podSelector:
                matchLabels:
                  app.kubernetes.io/name: puppetserver
          ports:
            - port: 8140
        - from:
            - namespaceSelector: {}
          ports:
            - port: 8140
      podSelector:
        matchLabels:
          app.kubernetes.io/component: puppetserver
          app.kubernetes.io/name: puppetserver
      policyTypes:
        - Egress
        - Ingress
