manifest should match snapshot:
  1: |
    apiVersion: v1
    kind: PersistentVolumeClaim
    metadata:
      annotations: null
      labels:
        app.kubernetes.io/component: puppetdb
        app.kubernetes.io/instance: puppetserver
        app.kubernetes.io/managed-by: Helm
        app.kubernetes.io/name: puppetserver
        app.kubernetes.io/version: 7.17.0
        helm.sh/chart: puppetserver-9.4.0
      name: puppetserver-puppetdb-claim
    spec:
      accessModes:
        - ReadWriteOnce
      resources:
        requests:
          storage: 400Mi
